// Jest Snapshot v1, https://goo.gl/fbAQLP

exports[`Matches Lobby snapshot 1`] = `
<Provider
  store={
    Object {
      "clearActions": [Function],
      "dispatch": [Function],
      "getActions": [Function],
      "getState": [Function],
      "replaceReducer": [Function],
      "subscribe": [Function],
    }
  }
>
  <Lobby>
    <PlayerList
      onLeave={[Function]}
      players={
        Array [
          Object {
            "isHost": true,
            "name": "",
          },
          Object {
            "isHost": false,
            "name": "",
          },
        ]
      }
    >
      <Card
        body={false}
        style={
          Object {
            "margin": "10px",
            "width": "35%",
          }
        }
      >
        <div
          className="card"
          style={
            Object {
              "margin": "10px",
              "width": "35%",
            }
          }
        >
          <CardHeader>
            <div
              className="card-header"
            >
              Lobby
            </div>
          </CardHeader>
          <CardBody
            style={
              Object {
                "height": "400px",
                "overflowY": "auto",
                "padding": "5px 5px",
              }
            }
          >
            <div
              className="card-body"
              style={
                Object {
                  "height": "400px",
                  "overflowY": "auto",
                  "padding": "5px 5px",
                }
              }
            >
              <ForwardRef
                borderless={true}
                variant="light"
              >
                <table
                  className="table table-light table-borderless"
                >
                  <tbody />
                </table>
              </ForwardRef>
            </div>
          </CardBody>
          <CardBody
            style={
              Object {
                "borderTop": "1px solid #dfdfdf",
                "padding": "10px",
              }
            }
          >
            <div
              className="card-body"
              style={
                Object {
                  "borderTop": "1px solid #dfdfdf",
                  "padding": "10px",
                }
              }
            >
              <Button
                active={false}
                className="leave-game"
                disabled={false}
                onClick={[Function]}
                type="button"
                variant="info"
              >
                <button
                  className="leave-game btn btn-info"
                  disabled={false}
                  onClick={[Function]}
                  type="button"
                >
                  Leave
                </button>
              </Button>
            </div>
          </CardBody>
        </div>
      </Card>
    </PlayerList>
  </Lobby>
</Provider>
`;
