// Jest Snapshot v1, https://goo.gl/fbAQLP

exports[`TEST SUITE Lobby:  When lobby is active,  Matches Initial Lobby snapshot 1`] = `
<Provider
  onShowError={[MockFunction]}
  store={
    Object {
      "clearActions": [Function],
      "dispatch": [Function],
      "getActions": [Function],
      "getState": [Function],
      "replaceReducer": [Function],
      "subscribe": [Function],
    }
  }
>
  <Lobby>
    <div
      style={
        Object {
          "display": "flex",
        }
      }
    >
      <SockJsClient
        autoReconnect={true}
        debug={false}
        getRetryInterval={[Function]}
        headers={Object {}}
        heartbeat={10000}
        onConnect={[Function]}
        onDisconnect={[Function]}
        onMessage={[Function]}
        options={Object {}}
        subscribeHeaders={Object {}}
        topics={
          Array [
            "/topic/game/1",
          ]
        }
        url="https://card-games-tcc.herokuapp.com/websocket"
      />
      <PlayerList
        onLeave={[Function]}
        players={
          Array [
            Object {
              "isHost": true,
            },
          ]
        }
      >
        <Card
          body={false}
          style={
            Object {
              "margin": "10px",
              "width": "35%",
            }
          }
        >
          <div
            className="card"
            style={
              Object {
                "margin": "10px",
                "width": "35%",
              }
            }
          >
            <CardHeader
              style={
                Object {
                  "display": "flex",
                  "justifyContent": "space-between",
                  "paddingLeft": "10px",
                }
              }
            >
              <div
                className="card-header"
                style={
                  Object {
                    "display": "flex",
                    "justifyContent": "space-between",
                    "paddingLeft": "10px",
                  }
                }
              >
                <p
                  style={
                    Object {
                      "marginBottom": "0",
                    }
                  }
                >
                  Lobby
                </p>
                <p
                  data-test="player-count"
                  style={
                    Object {
                      "marginBottom": "0",
                    }
                  }
                >
                  1
                  /
                </p>
              </div>
            </CardHeader>
            <CardBody
              style={
                Object {
                  "height": "400px",
                  "overflowY": "auto",
                  "padding": "5px 5px",
                }
              }
            >
              <div
                className="card-body"
                style={
                  Object {
                    "height": "400px",
                    "overflowY": "auto",
                    "padding": "5px 5px",
                  }
                }
              >
                <ForwardRef
                  borderless={true}
                  variant="light"
                >
                  <table
                    className="table table-light table-borderless"
                  >
                    <tbody />
                  </table>
                </ForwardRef>
              </div>
            </CardBody>
            <CardBody
              style={
                Object {
                  "borderTop": "1px solid #dfdfdf",
                  "padding": "10px",
                }
              }
            >
              <div
                className="card-body"
                style={
                  Object {
                    "borderTop": "1px solid #dfdfdf",
                    "padding": "10px",
                  }
                }
              >
                <Button
                  active={false}
                  className="leave-game"
                  data-test="leave-game-btn"
                  disabled={false}
                  onClick={[Function]}
                  type="button"
                  variant="info"
                >
                  <button
                    className="leave-game btn btn-info"
                    data-test="leave-game-btn"
                    disabled={false}
                    onClick={[Function]}
                    type="button"
                  >
                    Leave
                  </button>
                </Button>
              </div>
            </CardBody>
          </div>
        </Card>
      </PlayerList>
      <LobbySettings
        gameId={1}
        gameMode="MATCH_TWO"
        numPlayers={1}
        rounds={1}
      >
        <Card
          body={false}
          style={
            Object {
              "margin": "10px",
              "width": "35%",
            }
          }
        >
          <div
            className="card"
            style={
              Object {
                "margin": "10px",
                "width": "35%",
              }
            }
          >
            <CardHeader
              style={
                Object {
                  "paddingLeft": "10px",
                }
              }
            >
              <div
                className="card-header"
                style={
                  Object {
                    "paddingLeft": "10px",
                  }
                }
              >
                Game: 
                Match Two
              </div>
            </CardHeader>
            <CardBody
              style={
                Object {
                  "height": "400px",
                  "overflowY": "auto",
                  "padding": "5px 10px",
                }
              }
            >
              <div
                className="card-body"
                style={
                  Object {
                    "height": "400px",
                    "overflowY": "auto",
                    "padding": "5px 10px",
                  }
                }
              >
                <Form
                  data-test="lobby-settings-form"
                  inline={false}
                  noValidate={true}
                  onSubmit={[Function]}
                  validated={false}
                >
                  <form
                    className=""
                    data-test="lobby-settings-form"
                    noValidate={true}
                    onSubmit={[Function]}
                  >
                    <RoundPicker>
                      <div
                        style={
                          Object {
                            "display": "flex",
                          }
                        }
                      >
                        <div
                          style={
                            Object {
                              "marginRight": "5px",
                            }
                          }
                        >
                          <FormLabel
                            column={false}
                            srOnly={false}
                          >
                            <label
                              className="form-label"
                            >
                              Stages
                            </label>
                          </FormLabel>
                          <NumberPicker
                            data-test="round-number-picker"
                            disabled={true}
                            name="numRounds"
                            onDecrease={[Function]}
                            onIncrease={[Function]}
                            value={1}
                          >
                            <InputGroup
                              style={
                                Object {
                                  "width": "150px",
                                }
                              }
                            >
                              <div
                                className="input-group"
                                style={
                                  Object {
                                    "width": "150px",
                                  }
                                }
                              >
                                <InputGroupPrepend>
                                  <div
                                    className="input-group-prepend"
                                  >
                                    <Button
                                      active={false}
                                      data-test="numRounds-minus-btn"
                                      disabled={true}
                                      onClick={[Function]}
                                      style={
                                        Object {
                                          "fontSize": "1.5rem",
                                          "padding": "0rem 0.75rem",
                                          "width": "40px",
                                        }
                                      }
                                      type="button"
                                      variant="info"
                                    >
                                      <button
                                        className="btn btn-info"
                                        data-test="numRounds-minus-btn"
                                        disabled={true}
                                        onClick={[Function]}
                                        style={
                                          Object {
                                            "fontSize": "1.5rem",
                                            "padding": "0rem 0.75rem",
                                            "width": "40px",
                                          }
                                        }
                                        type="button"
                                      >
                                        -
                                      </button>
                                    </Button>
                                  </div>
                                </InputGroupPrepend>
                                <FormControl
                                  className="number-picker"
                                  data-test="numRounds-value"
                                  disabled={true}
                                  name="numRounds"
                                  style={
                                    Object {
                                      "backgroundColor": "#fff",
                                      "textAlign": "center",
                                    }
                                  }
                                  value={1}
                                >
                                  <input
                                    className="number-picker form-control"
                                    data-test="numRounds-value"
                                    disabled={true}
                                    name="numRounds"
                                    style={
                                      Object {
                                        "backgroundColor": "#fff",
                                        "textAlign": "center",
                                      }
                                    }
                                    value={1}
                                  />
                                </FormControl>
                                <InputGroupAppend>
                                  <div
                                    className="input-group-append"
                                  >
                                    <Button
                                      active={false}
                                      data-test="numRounds-plus-btn"
                                      disabled={true}
                                      onClick={[Function]}
                                      style={
                                        Object {
                                          "fontSize": "1.5rem",
                                          "padding": "0rem 0.75rem",
                                          "width": "40px",
                                        }
                                      }
                                      type="button"
                                      variant="info"
                                    >
                                      <button
                                        className="btn btn-info"
                                        data-test="numRounds-plus-btn"
                                        disabled={true}
                                        onClick={[Function]}
                                        style={
                                          Object {
                                            "fontSize": "1.5rem",
                                            "padding": "0rem 0.75rem",
                                            "width": "40px",
                                          }
                                        }
                                        type="button"
                                      >
                                        +
                                      </button>
                                    </Button>
                                  </div>
                                </InputGroupAppend>
                              </div>
                            </InputGroup>
                          </NumberPicker>
                        </div>
                        <div
                          style={
                            Object {
                              "display": "visible",
                            }
                          }
                        >
                          <FormLabel
                            column={false}
                            srOnly={false}
                          >
                            <label
                              className="form-label"
                            >
                              Rounds
                            </label>
                          </FormLabel>
                          <FormControl
                            data-test="round-number-text"
                            disabled={true}
                            name="totalRounds"
                            required={true}
                            style={
                              Object {
                                "backgroundColor": "#fff",
                                "textAlign": "center",
                                "width": "80px",
                              }
                            }
                            type="text"
                            value={2}
                          >
                            <input
                              className="form-control"
                              data-test="round-number-text"
                              disabled={true}
                              name="totalRounds"
                              required={true}
                              style={
                                Object {
                                  "backgroundColor": "#fff",
                                  "textAlign": "center",
                                  "width": "80px",
                                }
                              }
                              type="text"
                              value={2}
                            />
                          </FormControl>
                        </div>
                      </div>
                    </RoundPicker>
                  </form>
                </Form>
              </div>
            </CardBody>
            <CardBody
              style={
                Object {
                  "borderTop": "1px solid #dfdfdf",
                  "padding": "10px",
                }
              }
            >
              <div
                className="card-body"
                style={
                  Object {
                    "borderTop": "1px solid #dfdfdf",
                    "padding": "10px",
                  }
                }
              >
                <Button
                  active={false}
                  data-test="start-game-btn"
                  disabled={false}
                  type="submit"
                  variant="info"
                >
                  <button
                    className="btn btn-info"
                    data-test="start-game-btn"
                    disabled={false}
                    type="submit"
                  >
                    Start
                  </button>
                </Button>
              </div>
            </CardBody>
          </div>
        </Card>
      </LobbySettings>
    </div>
  </Lobby>
</Provider>
`;
