// Jest Snapshot v1, https://goo.gl/fbAQLP

exports[`matches snapshot 1`] = `
<div>
  <style
    type="text/css"
  >
    
                        .btn-xl {
                            font-size: 1.5rem;
                            border: grey solid 1px;
                            width: 200px;
                        }
                        
                        @media screen and (max-width: 768px) {
                            .btn-xl {
                                font-size: 1.2rem;
                                width: 150px;
                            }
                        }
                    
  </style>
  <h1>
    Play against a Bot:
  </h1>
  <Board />
  <h1>
    Play with others:
  </h1>
  <div
    className="button-panel"
  >
    <ButtonGroup
      aria-label="Basic example"
      role="group"
      toggle={false}
      vertical={false}
    >
      <Button
        active={false}
        disabled={false}
        onClick={[Function]}
        size="xl"
        type="button"
        variant="info"
      >
        Create Game
      </Button>
      <CreateGame
        onClose={[Function]}
        show={false}
      />
      <withRouter(LinkContainer)
        to="/games"
      >
        <Button
          active={false}
          disabled={false}
          size="xl"
          type="button"
          variant="light"
        >
          Join Game
        </Button>
      </withRouter(LinkContainer)>
    </ButtonGroup>
  </div>
</div>
`;
