// Jest Snapshot v1, https://goo.gl/fbAQLP

exports[`Matches Home snapshot 1`] = `
<div>
  <style
    type="text/css"
  >
    
                        .btn-xl {
                            font-size: 1.5rem;
                            border: grey solid 1px;
                            width: 200px;
                        }
                        
                        @media screen and (max-width: 768px) {
                            .btn-xl {
                                font-size: 1.2rem;
                                width: 150px;
                            }
                        }                        
                    
  </style>
  <div
    style={
      Object {
        "display": "flex",
        "justifyContent": "center",
        "marginBottom": "10px",
        "marginTop": "10px",
        "width": "100%",
      }
    }
  >
    <Image
      className="no-drag"
      fluid={true}
      rounded={false}
      roundedCircle={false}
      src="card-banner.svg"
      style={
        Object {
          "width": "70%",
        }
      }
      thumbnail={false}
    />
  </div>
  <h1>
    PLAY:
  </h1>
  <div
    className="button-panel"
  >
    <ButtonGroup
      aria-label="Basic example"
      role="group"
      toggle={false}
      vertical={false}
    >
      <Button
        active={false}
        disabled={false}
        onClick={[Function]}
        size="xl"
        type="button"
        variant="info"
      >
        Create Game
      </Button>
      <CreateGame
        onClose={[Function]}
        show={false}
      />
      <withRouter(LinkContainer)
        to="/games"
      >
        <Button
          active={false}
          disabled={false}
          size="xl"
          type="button"
          variant="light"
        >
          Join Game
        </Button>
      </withRouter(LinkContainer)>
    </ButtonGroup>
  </div>
</div>
`;
